Content-Type: text/html

    <h4>
      <b>Layer: Cities</b>
    </h4>
    <table cellpadding=5 cellspacing=2 border=0>
      <tr bgcolor=#CCCCCC>
        <td>CITY NAME</td>
        <td>POPULATION</td>
      </tr>
      <tr>
        <td>Buenos Aires</td>
        <td>12116379</td>
      </tr>      <tr>
        <td>Montevideo</td>
        <td>1347584</td>
      </tr>      <tr>
        <td>La Plata</td>
        <td>838620</td>
      </tr>      <tr>
        <td>Mar del Plata</td>
        <td>683721</td>
      </tr>      <tr>
        <td>Neuquen</td>
        <td>370271</td>
      </tr>    </table>
    <p>&nbsp;</p>
