<?xml version="1.0" encoding="UTF-8"?>

<msGMLOutput 
	 xmlns:gml="http://www.opengis.net/gml"
	 xmlns:xlink="http://www.w3.org/1999/xlink"
	 xmlns:xsi="http://www.w3.org/2001/XMLSchema-instance">
	<g3sg4l1_layer>
		<g3sg4l1_feature>
			<gml:boundedBy>
				<gml:Box srsName="EPSG:4326">
					<gml:coordinates>50.000000,110.000000 50.000000,110.000000</gml:coordinates>
				</gml:Box>
			</gml:boundedBy>
		</g3sg4l1_feature>
	</g3sg4l1_layer>
</msGMLOutput>
